
> onelp-mvp@0.1.0 build
> prisma generate && next build

warn The configuration property `package.json#prisma` is deprecated and will be removed in Prisma 7. Please migrate to a Prisma config file (e.g., `prisma.config.ts`).
For more information, see: https://pris.ly/prisma-config

Environment variables loaded from .env
Prisma schema loaded from prisma/schema.prisma

✔ Generated Prisma Client (v6.19.0) to ./node_modules/@prisma/client in 282ms

Start by importing your Prisma Client (See: https://pris.ly/d/importing-client)

Tip: Want to turn off tips and other hints? https://pris.ly/tip-4-nohints

   ▲ Next.js 15.5.7
   - Environments: .env
   - Experiments (use with caution):
     · serverActions

   Creating an optimized production build ...
